[mattfarley.ca/index.html]
[backblue.gif]
[fade.gif]
[index.html]
[mattfarley.ca/img/og_thumbnail.png]
[mattfarley.ca/img/favicon-32.png]
[mattfarley.ca/css/main.css]
[mattfarley.ca/img/mf-logo.svg]
[mattfarley.ca/contact.html]
[mattfarley.ca/img/mf-avatar.svg]
[mattfarley.ca/img/hero.png]
[mattfarley.ca/img/icon-designer.svg]
[mattfarley.ca/img/icon-frontend.svg]
[mattfarley.ca/img/icon-mentor.svg]
[mattfarley.ca/cdn-cgi/l/email-protection.html]
[mattfarley.ca/img/project-chronicled.png]
[mattfarley.ca/img/project-glcsolutions.png]
[mattfarley.ca/img/project-coupal.png]
[mattfarley.ca/img/project-userforge.png]
[mattfarley.ca/img/project-wedlerengineering.png]
[use.fontawesome.com/releases/v5.0.6/js/all.js]
[mattfarley.ca/img/project-southwestforestproducts.png]
[mattfarley.ca/img/cl-domain7.svg]
[mattfarley.ca/img/cl-redstamp.svg]
[mattfarley.ca/img/cl-goodkind.svg]
[mattfarley.ca/img/cl-briteweb.svg]
[mattfarley.ca/img/cl-chronicled.svg]
[mattfarley.ca/img/cl-bldrs.png]
[mattfarley.ca/img/cl-designlab.png]
[mattfarley.ca/img/cl-interlinked.png]
[mattfarley.ca/img/basin-logo.svg]
[mattfarley.ca/img/ylb-logo.svg]
[mattfarley.ca/img/houston-logo.png]
[mattfarley.ca/startup-inquiry.html]
[mattfarley.ca/img/pascal-avatar.png]
[mattfarley.ca/project-planner.html]
[mattfarley.ca/img/mf-logo-white.svg]
[bulma.io/images/made-with-bulma--white.png]
[mattfarley.ca/cdn-cgi/scripts/f2bf09f8/cloudflare-static/email-decode.min.js]
[mattfarley.ca/js/main-min.js]
[usebasin.com/f/363b98eca5af/ahoy.js]
[mattfarley.ca/index.html]
[use.typekit.net/ojv4ekx.css]
[mattfarley.ca/css/main.css]
[mattfarley.ca/img/mf-logo.svg]
[mattfarley.ca/contact.html]
[mattfarley.ca/img/mf-avatar.svg]
[mattfarley.ca/img/icon-designer.svg]
[mattfarley.ca/img/icon-frontend.svg]
[mattfarley.ca/img/icon-mentor.svg]
[mattfarley.ca/cdn-cgi/l/email-protection.html]
[mattfarley.ca/img/project-userforge.png]
[mattfarley.ca/img/project-wedlerengineering.png]
[mattfarley.ca/img/cl-domain7.svg]
[mattfarley.ca/img/cl-redstamp.svg]
[mattfarley.ca/img/cl-goodkind.svg]
[mattfarley.ca/img/cl-briteweb.svg]
[mattfarley.ca/img/cl-chronicled.svg]
[mattfarley.ca/img/basin-logo.svg]
[mattfarley.ca/img/ylb-logo.svg]
[mattfarley.ca/startup-inquiry.html]
[mattfarley.ca/project-planner.html]
[mattfarley.ca/img/mf-logo-white.svg]
[mattfarley.ca/img/project-southwestforestproducts.png]
[use.typekit.net/af/3e64fb/00000000000000003b9b12fe/27/l3eab]
[use.typekit.net/af/3e64fb/00000000000000003b9b12fe/27/d3eab]
[use.typekit.net/af/3e64fb/00000000000000003b9b12fe/27/a3eab]
[use.typekit.net/af/4eabcf/00000000000000003b9b12fd/27/le196]
[use.typekit.net/af/4eabcf/00000000000000003b9b12fd/27/de196]
[use.typekit.net/af/4eabcf/00000000000000003b9b12fd/27/ae196]
[use.typekit.net/af/e90c07/000000000000000000017994/27/le196]
[use.typekit.net/af/e90c07/000000000000000000017994/27/de196]
[use.typekit.net/af/e90c07/000000000000000000017994/27/ae196]
[use.typekit.net/af/b30e05/000000000000000000017997/27/l652f]
[use.typekit.net/af/b30e05/000000000000000000017997/27/d652f]
[use.typekit.net/af/986195/00000000000000000001799f/27/l7238]
[use.typekit.net/af/b30e05/000000000000000000017997/27/a652f]
[use.typekit.net/af/986195/00000000000000000001799f/27/d7238]
[use.typekit.net/af/0b81c7/0000000000000000000179a1/27/le003]
[use.typekit.net/af/986195/00000000000000000001799f/27/a7238]
[use.typekit.net/af/0b81c7/0000000000000000000179a1/27/de003]
[use.typekit.net/ojv4ekx.css]
[mattfarley.ca/img/project-userforge.png]
[mattfarley.ca/img/project-wedlerengineering.png]
[use.typekit.net/af/0b81c7/0000000000000000000179a1/27/ae003]
[p.typekit.net/pdba9.css]
[mattfarley.ca/img/project-southwestforestproducts.png]
